Vivado Simulator v2025.2
Copyright 1986-2022 Xilinx, Inc. All Rights Reserved.
Copyright 2022-2025 Advanced Micro Devices, Inc. All Rights Reserved.
Running: E:/Vivado/2025.2/Vivado/bin/unwrapped/win64.o/xelab.exe --incr --debug typical --relax --mt 2 -L xil_defaultlib -L unisims_ver -L unimacro_ver -L secureip --snapshot tb_aes128_axi_behav xil_defaultlib.tb_aes128_axi xil_defaultlib.glbl -log elaborate.log 
Using 2 slave threads.
Starting static elaboration
Pass Through NonSizing Optimizer
Completed static elaboration
Starting simulation data flow analysis
Completed simulation data flow analysis
Time Resolution for simulation is 1ps
Compiling module xil_defaultlib.axi4_lite_slave
Compiling module xil_defaultlib.expand_key_core_fix
Compiling module xil_defaultlib.expand_key_top
Compiling module xil_defaultlib.sub_bytes
Compiling module xil_defaultlib.shift_rows
Compiling module xil_defaultlib.mix_columns
Compiling module xil_defaultlib.add_round_key
Compiling module xil_defaultlib.encrypt_round
Compiling module xil_defaultlib.encrypt_final_round
Compiling module xil_defaultlib.aes128_fsm_core
Compiling module xil_defaultlib.aes128_axi_top
Compiling module xil_defaultlib.tb_aes128_axi
Compiling module xil_defaultlib.glbl
Built simulation snapshot tb_aes128_axi_behav
