Time resolution is 1 ps
================================================
  AES-128 AXI4-Lite Testbench
================================================

--- Test 1: NIST Test Vector ---
Writing Key...
[195000] AXI WRITE: addr=0x08, data=0x0c0d0e0f
[245000] AXI WRITE: addr=0x0c, data=0x08090a0b
[295000] AXI WRITE: addr=0x10, data=0x04050607
[345000] AXI WRITE: addr=0x14, data=0x00010203
Writing Plaintext...
[395000] AXI WRITE: addr=0x18, data=0xccddeeff
[445000] AXI WRITE: addr=0x1c, data=0x8899aabb
[495000] AXI WRITE: addr=0x20, data=0x44556677
[545000] AXI WRITE: addr=0x24, data=0x00112233
Starting encryption...
[595000] AXI WRITE: addr=0x00, data=0x00000001
[645000] AXI READ:  addr=0x04, data=0x00000001
  Status: BUSY
[695000] AXI READ:  addr=0x04, data=0x00000001
  Status: BUSY
[745000] AXI READ:  addr=0x04, data=0x00000002
  Status: DONE
Reading Ciphertext...
[795000] AXI READ:  addr=0x28, data=0x70b4c55a
[845000] AXI READ:  addr=0x2c, data=0xd8cdb780
[895000] AXI READ:  addr=0x30, data=0x6a7b0430
[945000] AXI READ:  addr=0x34, data=0x69c4e0d8

Results:
  Expected:  0x69c4e0d86a7b0430d8cdb78070b4c55a
  Received:  0x69c4e0d86a7b0430d8cdb78070b4c55a
  PASS!

--- Test 2: Second Test Vector ---
[995000] AXI WRITE: addr=0x08, data=0x09cf4f3c
